------------------------------------------------------------
TimeQuest Timing Analyzer Summary
------------------------------------------------------------

Type  : Slow 1100mV 85C Model Setup 'CLOCK_50'
Slack : -1.476
TNS   : -11.016

Type  : Slow 1100mV 85C Model Hold 'CLOCK_50'
Slack : 0.549
TNS   : 0.000

Type  : Slow 1100mV 85C Model Minimum Pulse Width 'CLOCK_50'
Slack : -0.724
TNS   : -11.089

Type  : Slow 1100mV 0C Model Setup 'CLOCK_50'
Slack : -1.621
TNS   : -11.939

Type  : Slow 1100mV 0C Model Hold 'CLOCK_50'
Slack : 0.533
TNS   : 0.000

Type  : Slow 1100mV 0C Model Minimum Pulse Width 'CLOCK_50'
Slack : -0.724
TNS   : -11.075

Type  : Fast 1100mV 85C Model Setup 'CLOCK_50'
Slack : 0.002
TNS   : 0.000

Type  : Fast 1100mV 85C Model Hold 'CLOCK_50'
Slack : 0.182
TNS   : 0.000

Type  : Fast 1100mV 85C Model Minimum Pulse Width 'CLOCK_50'
Slack : -0.086
TNS   : -0.859

Type  : Fast 1100mV 0C Model Setup 'CLOCK_50'
Slack : 0.055
TNS   : 0.000

Type  : Fast 1100mV 0C Model Hold 'CLOCK_50'
Slack : 0.172
TNS   : 0.000

Type  : Fast 1100mV 0C Model Minimum Pulse Width 'CLOCK_50'
Slack : -0.087
TNS   : -0.868

------------------------------------------------------------
